Script started on 2026-08-08 18:08:28-07:00 [COMMAND="npm audit" <not executed on terminal>]
⠙[1G[0K⠹[1G[0K⠸[1G[0K⠼[1G[0K⠴[1G[0K⠦[1G[0K⠧[1G[0K# npm audit report

esbuild  <=0.24.2
Severity: moderate
esbuild enables any website to send any requests to the development server and read the response - https://github.com/advisories/GHSA-67mh-4wv8-2f99
fix available via `npm audit fix --force`
Will install vitest@4.1.10, which is a breaking change
node_modules/vite-node/node_modules/esbuild
node_modules/vitest/node_modules/esbuild
  vite  <=6.4.2
  Depends on vulnerable versions of esbuild
  node_modules/vite-node/node_modules/vite
  node_modules/vitest/node_modules/vite
    @vitest/mocker  <=3.0.0-beta.4
    Depends on vulnerable versions of vite
    node_modules/vitest/node_modules/@vitest/mocker
      vitest  <=3.2.5
      Depends on vulnerable versions of @vitest/mocker
      Depends on vulnerable versions of vite
      Depends on vulnerable versions of vite-node
      node_modules/vitest
    vite-node  <=2.2.0-beta.2
    Depends on vulnerable versions of vite
    node_modules/vite-node



5 vulnerabilities (3 moderate, 1 high, 1 critical)

To address all issues (including breaking changes), run:
  npm audit fix --force
⠇[1G[0K
Script done on 2026-08-08 18:08:29-07:00 [COMMAND_EXIT_CODE="1"]
